// Jest Snapshot v1, https://goo.gl/fbAQLP

exports[`component header title shoul render correctly 1`] = `[Function]`;
