// Jest Snapshot v1, https://goo.gl/fbAQLP

exports[`component:list-empty should render correctly 1`] = `
<View
  style={
    [
      {
        "alignItems": "center",
        "flexBasis": 0,
        "flexGrow": 1,
        "flexShrink": 1,
        "justifyContent": "center",
      },
    ]
  }
>
  <Text
    style={
      [
        {
          "color": "#5C6265",
          "fontFamily": "NunitoSans_700Bold",
          "fontSize": 16,
          "textAlign": "center",
        },
      ]
    }
  >
    teste...
  </Text>
</View>
`;
