// Jest Snapshot v1, https://goo.gl/fbAQLP

exports[`component header root should render correcttly 1`] = `[Function]`;
